Change Component Designator: Old Designator=C? New Designator=C900
Change Component Designator: Old Designator=C? New Designator=C901
Change Component Designator: Old Designator=C? New Designator=C902
Change Component Designator: Old Designator=C? New Designator=C903
Change Component Designator: Old Designator=C? New Designator=C904
Change Component Designator: Old Designator=C? New Designator=C905
Change Component Designator: Old Designator=C? New Designator=C906
Change Component Designator: Old Designator=C? New Designator=C907
Change Component Designator: Old Designator=C? New Designator=C908
Change Component Designator: Old Designator=C? New Designator=C909
Change Component Designator: Old Designator=C? New Designator=C910
Change Component Designator: Old Designator=C? New Designator=C911
Change Component Designator: Old Designator=C? New Designator=C912
Change Component Designator: Old Designator=C? New Designator=C913
Change Component Designator: Old Designator=C? New Designator=C914
Change Component Designator: Old Designator=C? New Designator=C915
Change Component Designator: Old Designator=C? New Designator=C916
Change Component Designator: Old Designator=C? New Designator=C917
Change Component Designator: Old Designator=C? New Designator=C918
Change Component Designator: Old Designator=C? New Designator=C919
Change Component Designator: Old Designator=C? New Designator=C920
Change Component Designator: Old Designator=C? New Designator=C921
Change Component Designator: Old Designator=D? New Designator=D900
Change Component Designator: Old Designator=D? New Designator=D901
Change Component Designator: Old Designator=J? New Designator=J900
Change Component Designator: Old Designator=Q? New Designator=Q900
Change Component Designator: Old Designator=R? New Designator=R900
Change Component Designator: Old Designator=R? New Designator=R901
Change Component Designator: Old Designator=R? New Designator=R902
Change Component Designator: Old Designator=R? New Designator=R903
Change Component Designator: Old Designator=R? New Designator=R904
Change Component Designator: Old Designator=R? New Designator=R905
Change Component Designator: Old Designator=R? New Designator=R906
Change Component Designator: Old Designator=R? New Designator=R907
Change Component Designator: Old Designator=R? New Designator=R908
Change Component Designator: Old Designator=R? New Designator=R909
Change Component Designator: Old Designator=R? New Designator=R910
Change Component Designator: Old Designator=R? New Designator=R911
Change Component Designator: Old Designator=R? New Designator=R912
Change Component Designator: Old Designator=R? New Designator=R913
Change Component Designator: Old Designator=R? New Designator=R914
Change Component Designator: Old Designator=R? New Designator=R915
Change Component Designator: Old Designator=U? New Designator=U901
Change Component Designator: Old Designator=U? New Designator=U901
Change Component Designator: Old Designator=U? New Designator=U900
Change Component Designator: Old Designator=U? New Designator=U902
Change Component Designator: Old Designator=U? New Designator=U903
Change Component Designator: Old Designator=U? New Designator=U904
Change Component Designator: Old Designator=U? New Designator=U905
Change Component Designator: Old Designator=U? New Designator=U906
Change Component Designator: Old Designator=U? New Designator=U907
Change Component Designator: Old Designator=U? New Designator=U908
Change Component Designator: Old Designator=U? New Designator=U909
Change Component Designator: Old Designator=U? New Designator=U910
Change Component Designator: Old Designator=U? New Designator=U911
Change Component Designator: Old Designator=U? New Designator=U912
Change Component Designator: Old Designator=U? New Designator=U913
Change Component Designator: Old Designator=U? New Designator=U914
Change Component Designator: Old Designator=U? New Designator=U915
Change Component Designator: Old Designator=U? New Designator=U916
Change Component Designator: Old Designator=U? New Designator=U917
Change Component Designator: Old Designator=U? New Designator=U918
Change Component Designator: Old Designator=U? New Designator=U919
Change Component Designator: Old Designator=U? New Designator=U920
