Change Component Designator: Old Designator=C? New Designator=C1100
Change Component Designator: Old Designator=C? New Designator=C1101
Change Component Designator: Old Designator=C? New Designator=C1102
Change Component Designator: Old Designator=C? New Designator=C1103
Change Component Designator: Old Designator=C? New Designator=C1104
Change Component Designator: Old Designator=C? New Designator=C1105
Change Component Designator: Old Designator=C? New Designator=C1106
Change Component Designator: Old Designator=C? New Designator=C1107
Change Component Designator: Old Designator=C? New Designator=C1108
Change Component Designator: Old Designator=C? New Designator=C1109
Change Component Designator: Old Designator=C? New Designator=C1110
Change Component Designator: Old Designator=C? New Designator=C1111
Change Component Designator: Old Designator=C? New Designator=C1112
Change Component Designator: Old Designator=D? New Designator=D1100
Change Component Designator: Old Designator=D? New Designator=D1101
Change Component Designator: Old Designator=D? New Designator=D1102
Change Component Designator: Old Designator=D? New Designator=D1103
Change Component Designator: Old Designator=D? New Designator=D1104
Change Component Designator: Old Designator=D? New Designator=D1105
Change Component Designator: Old Designator=J? New Designator=J1100
Change Component Designator: Old Designator=Q? New Designator=Q1100
Change Component Designator: Old Designator=Q? New Designator=Q1101
Change Component Designator: Old Designator=Q? New Designator=Q1102
Change Component Designator: Old Designator=Q? New Designator=Q1103
Change Component Designator: Old Designator=Q? New Designator=Q1104
Change Component Designator: Old Designator=Q? New Designator=Q1105
Change Component Designator: Old Designator=R? New Designator=R1100
Change Component Designator: Old Designator=R? New Designator=R1101
Change Component Designator: Old Designator=R? New Designator=R1102
Change Component Designator: Old Designator=R? New Designator=R1103
Change Component Designator: Old Designator=R? New Designator=R1104
Change Component Designator: Old Designator=R? New Designator=R1105
Change Component Designator: Old Designator=R? New Designator=R1106
Change Component Designator: Old Designator=R? New Designator=R1107
Change Component Designator: Old Designator=R? New Designator=R1108
Change Component Designator: Old Designator=R? New Designator=R1109
Change Component Designator: Old Designator=R? New Designator=R1110
Change Component Designator: Old Designator=R? New Designator=R1111
Change Component Designator: Old Designator=R? New Designator=R1112
Change Component Designator: Old Designator=R? New Designator=R1113
Change Component Designator: Old Designator=R? New Designator=R1114
Change Component Designator: Old Designator=R? New Designator=R1115
Change Component Designator: Old Designator=R? New Designator=R1116
Change Component Designator: Old Designator=R? New Designator=R1117
Change Component Designator: Old Designator=R? New Designator=R1118
Change Component Designator: Old Designator=R? New Designator=R1119
Change Component Designator: Old Designator=R? New Designator=R1120
Change Component Designator: Old Designator=R? New Designator=R1121
Change Component Designator: Old Designator=R? New Designator=R1122
Change Component Designator: Old Designator=R? New Designator=R1123
Change Component Designator: Old Designator=R? New Designator=R1124
Change Component Designator: Old Designator=R? New Designator=R1125
Change Component Designator: Old Designator=R? New Designator=R1126
Change Component Designator: Old Designator=R? New Designator=R1127
Change Component Designator: Old Designator=R? New Designator=R1128
Change Component Designator: Old Designator=R? New Designator=R1129
Change Component Designator: Old Designator=U? New Designator=U1100
